OWNER=00
CLASS=0001
RRTTL=00000001
RTYPE=0002
RDATA=00
------
OWNER=03746c6400
CLASS=0001
RRTTL=00000001
RTYPE=0002
RDATA=00
------
OWNER=03746c6400
CLASS=0001
RRTTL=00000001
RTYPE=0002
RDATA=00
------
OWNER=03746c6400
CLASS=0001
RRTTL=00000001
RTYPE=0002
RDATA=00
------
OWNER=012a00
CLASS=0001
RRTTL=00000001
RTYPE=0002
RDATA=00
------
OWNER=012a00
CLASS=0001
RRTTL=00000001
RTYPE=0002
RDATA=00
------
OWNER=012a012a00
CLASS=0001
RRTTL=00000001
RTYPE=0002
RDATA=00
------
OWNER=00
CLASS=0001
RRTTL=00000001
RTYPE=0002
RDATA=00
------
OWNER=0a3031323334353637383900
CLASS=0001
RRTTL=00000001
RTYPE=0002
RDATA=00
------
OWNER=035f615f052d622d632d032f642f00
CLASS=0001
RRTTL=00000001
RTYPE=0002
RDATA=00
------
OWNER=1a4142434445464748494a4b4c4d4e4f505152535455565758595a00
CLASS=0001
RRTTL=00000001
RTYPE=0002
RDATA=00
------
OWNER=1a6162636465666768696a6b6c6d6e6f707172737475767778797a00
CLASS=0001
RRTTL=00000001
RTYPE=0002
RDATA=00
------
OWNER=082030205c222e402a03746c6400
CLASS=0001
RRTTL=00000001
RTYPE=0002
RDATA=00
------
OWNER=0162016101390138013701360135013001300130013001300130013001300130013001300130013001300130013001300138016201640130013101300130013203697036046172706100
CLASS=0001
RRTTL=00000001
RTYPE=0002
RDATA=00
------
OWNER=3f31323334353637383930313233343536373839303132333435363738393031323334353637383930313233343536373839303132333435363738393031323303746c6400
CLASS=0001
RRTTL=00000001
RTYPE=0002
RDATA=00
------
OWNER=3f3132333435363738393031323334353637383930313233343536373839303132333435363738393031323334353637383930313233343536373839303132333f3132333435363738393031323334353637383930313233343536373839303132333435363738393031323334353637383930313233343536373839303132333f3132333435363738393031323334353637383930313233343536373839303132333435363738393031323334353637383930313233343536373839303132333d3132333435363738393031323334353637383930313233343536373839303132333435363738393031323334353637383930313233343536373839303100
CLASS=0001
RRTTL=00000001
RTYPE=0002
RDATA=00
------
OWNER=3f3132333435363738393031323334353637383930313233343536373839303132333435363738393031323334353637383930313233343536373839303132333f3132333435363738393031323334353637383930313233343536373839303132333435363738393031323334353637383930313233343536373839303132333f3132333435363738393031323334353637383930313233343536373839303132333435363738393031323334353637383930313233343536373839303132333d3132333435363738393031323334353637383930313233343536373839303132333435363738393031323334353637383930313233343536373839303100
CLASS=0001
RRTTL=00000001
RTYPE=0002
RDATA=00
------
WARNG=ZSCANNER_EBAD_OWNER
------
WARNG=ZSCANNER_EBAD_DNAME_CHAR
------
WARNG=ZSCANNER_EBAD_PREVIOUS_OWNER
------
WARNG=ZSCANNER_EBAD_DNAME_CHAR
------
WARNG=ZSCANNER_EBAD_DNAME_CHAR
------
WARNG=ZSCANNER_EBAD_DNAME_CHAR
------
WARNG=ZSCANNER_EBAD_NUMBER
------
WARNG=ZSCANNER_EBAD_NUMBER
------
WARNG=ZSCANNER_ELABEL_OVERFLOW
------
WARNG=ZSCANNER_EDNAME_OVERFLOW
------
WARNG=ZSCANNER_EDNAME_OVERFLOW
------
