OWNER=00
CLASS=0001
RRTTL=00000000
RTYPE=0002
RDATA=00
------
OWNER=00
CLASS=0001
RRTTL=00000E10
RTYPE=0002
RDATA=00
------
OWNER=00
CLASS=0001
RRTTL=FFFFFFFF
RTYPE=0002
RDATA=00
------
ERROR=ZSCANNER_EUNSUPPORTED_TYPE
------
ERROR=ZSCANNER_ENUMBER32_OVERFLOW
------

