OWNER=00
CLASS=0001
RRTTL=00000001
RTYPE=0002
RDATA=00
------
OWNER=016100
CLASS=0001
RRTTL=00000001
RTYPE=0002
RDATA=00
------
OWNER=016100
CLASS=0001
RRTTL=00000001
RTYPE=0002
RDATA=00
------
OWNER=03746c6400
CLASS=0001
RRTTL=00000001
RTYPE=0002
RDATA=03746C6400
------
OWNER=016100
CLASS=0001
RRTTL=00000001
RTYPE=0002
RDATA=03746C6400
------
OWNER=016103746c6400
CLASS=0001
RRTTL=00000001
RTYPE=0002
RDATA=03746C6400
------
OWNER=067365636f6e6403746c6400
CLASS=0001
RRTTL=00000001
RTYPE=0002
RDATA=067365636F6E6403746C6400
------
OWNER=016100
CLASS=0001
RRTTL=00000001
RTYPE=0002
RDATA=067365636F6E6403746C6400
------
OWNER=0161067365636f6e6403746c6400
CLASS=0001
RRTTL=00000001
RTYPE=0002
RDATA=067365636F6E6403746C6400
------
OWNER=082030205c222e402a03746c6400
CLASS=0001
RRTTL=00000001
RTYPE=0002
RDATA=082030205C222E402A03746C6400
------
OWNER=0162016101390138013701360135013001300130013001300130013001300130013001300130013001300130013001300138016201640130013101300130013203697036046172706100
CLASS=0001
RRTTL=00000001
RTYPE=0002
RDATA=0162016101390138013701360135013001300130013001300130013001300130013001300130013001300130013001300138016201640130013101300130013203697036046172706100
------
OWNER=3f31323334353637383930313233343536373839303132333435363738393031323334353637383930313233343536373839303132333435363738393031323303746c6400
CLASS=0001
RRTTL=00000001
RTYPE=0002
RDATA=3F31323334353637383930313233343536373839303132333435363738393031323334353637383930313233343536373839303132333435363738393031323303746C6400
------
OWNER=3f3132333435363738393031323334353637383930313233343536373839303132333435363738393031323334353637383930313233343536373839303132333f3132333435363738393031323334353637383930313233343536373839303132333435363738393031323334353637383930313233343536373839303132333f3132333435363738393031323334353637383930313233343536373839303132333435363738393031323334353637383930313233343536373839303132333d3132333435363738393031323334353637383930313233343536373839303132333435363738393031323334353637383930313233343536373839303100
CLASS=0001
RRTTL=00000001
RTYPE=0002
RDATA=3F3132333435363738393031323334353637383930313233343536373839303132333435363738393031323334353637383930313233343536373839303132333F3132333435363738393031323334353637383930313233343536373839303132333435363738393031323334353637383930313233343536373839303132333F3132333435363738393031323334353637383930313233343536373839303132333435363738393031323334353637383930313233343536373839303132333D3132333435363738393031323334353637383930313233343536373839303132333435363738393031323334353637383930313233343536373839303100
------
OWNER=00
CLASS=0001
RRTTL=00000001
RTYPE=0002
RDATA=00
------
ERROR=ZSCANNER_EBAD_ORIGIN
------

