OWNER=00
CLASS=01
RRTTL=0001
RTYPE=01
RDATA=00000000
------
OWNER=00
CLASS=01
RRTTL=0001
RTYPE=01
RDATA=FFFFFFFF
------
OWNER=00
CLASS=01
RRTTL=0001
RTYPE=01
RDATA=00000000
------
OWNER=00
CLASS=01
RRTTL=0001
RTYPE=01
RDATA=00000000
------
OWNER=00
CLASS=01
RRTTL=0001
RTYPE=01
RDATA=00000000
------
OWNER=00
CLASS=01
RRTTL=0001
RTYPE=01
RDATA=00000000
------
ERROR=ZSCANNER_EBAD_ADDRESS_CHAR
------
ERROR=ZSCANNER_EBAD_ADDRESS_CHAR
------
ERROR=ZSCANNER_EBAD_HEX_CHAR
------
ERROR=ZSCANNER_EBAD_HEX_RDATA
------
ERROR=ZSCANNER_EBAD_IPV4
------
ERROR=ZSCANNER_EBAD_IPV4
------
ERROR=ZSCANNER_EBAD_ADDRESS_CHAR
------
ERROR=ZSCANNER_EBAD_REST
------
ERROR=ZSCANNER_EBAD_RDATA_LENGTH
------

