OWNER=00
CLASS=01
RRTTL=0001
RTYPE=1C
ITEMS=0001
RDATA=00000000000000000000000000000000
------
OWNER=00
CLASS=01
RRTTL=0001
RTYPE=1C
ITEMS=0001
RDATA=FFFFFFFFFFFFFFFFFFFFFFFFFFFFFFFF
------
OWNER=00
CLASS=01
RRTTL=0001
RTYPE=1C
ITEMS=0001
RDATA=00000000000000000000000000000000
------
OWNER=00
CLASS=01
RRTTL=0001
RTYPE=1C
ITEMS=0001
RDATA=00000000000000000000000000000000
------
OWNER=00
CLASS=01
RRTTL=0001
RTYPE=1C
ITEMS=0001
RDATA=00000000000000000000000000000000
------
OWNER=00
CLASS=01
RRTTL=0001
RTYPE=1C
ITEMS=0001
RDATA=00000000000000000000000000000000
------
OWNER=00
CLASS=01
RRTTL=0001
RTYPE=1C
ITEMS=0001
RDATA=00000000000000000000000000000000
------
ERROR=ZSCANNER_EBAD_ADDRESS_CHAR
------
ERROR=ZSCANNER_EBAD_ADDRESS_CHAR
------
ERROR=ZSCANNER_EBAD_HEX_CHAR
------
ERROR=ZSCANNER_EBAD_IPV6
------
ERROR=ZSCANNER_EBAD_IPV6
------
ERROR=ZSCANNER_EBAD_ADDRESS_CHAR
------
ERROR=ZSCANNER_EBAD_REST
------
ERROR=ZSCANNER_EBAD_RDATA_LENGTH
------
