OWNER=00
CLASS=0001
RRTTL=00000001
RTYPE=000F
RDATA=0000 00
------
OWNER=00
CLASS=0001
RRTTL=00000001
RTYPE=000F
RDATA=FFFF 00
------
OWNER=00
CLASS=0001
RRTTL=00000001
RTYPE=000F
RDATA=0001 046D61696C00
------
OWNER=00
CLASS=0001
RRTTL=00000001
RTYPE=000F
RDATA=0001 046D61696C03746C6400
------
OWNER=00
CLASS=0001
RRTTL=00000001
RTYPE=000F
RDATA=0001 00
------
OWNER=00
CLASS=0001
RRTTL=00000001
RTYPE=000F
RDATA=0001 00
------
OWNER=00
CLASS=0001
RRTTL=00000001
RTYPE=000F
RDATA=0001 00
------
OWNER=00
CLASS=0001
RRTTL=00000001
RTYPE=000F
RDATA=0001 00
------
ERROR=ZSCANNER_EBAD_NUMBER
------
ERROR=ZSCANNER_EBAD_NUMBER
------
ERROR=ZSCANNER_EBAD_HEX_CHAR
------
ERROR=ZSCANNER_EBAD_NUMBER
------
ERROR=ZSCANNER_EBAD_NUMBER
------
ERROR=ZSCANNER_ENUMBER16_OVERFLOW
------
ERROR=ZSCANNER_EBAD_RDATA
------
ERROR=ZSCANNER_EBAD_REST
------
ERROR=ZSCANNER_EBAD_HEX_RDATA
------
ERROR=ZSCANNER_EBAD_RDATA_LENGTH
------

