OWNER=00
CLASS=0001
RRTTL=00000001
RTYPE=0006
RDATA=00 00 0000000000000000000000000000000000000000
------
OWNER=00
CLASS=0001
RRTTL=00000001
RTYPE=0006
RDATA=03746C6400 03746C6400 0000000000000000000000000000000000000000
------
OWNER=00
CLASS=0001
RRTTL=00000001
RTYPE=0006
RDATA=00 00 FFFFFFFF00000000000000000000000000000000
------
OWNER=00
CLASS=0001
RRTTL=00000001
RTYPE=0006
RDATA=00 00 00000000FFFFFFFFFFFFFFFFFFFFFFFFFFFFFFFF
------
OWNER=00
CLASS=0001
RRTTL=00000001
RTYPE=0006
RDATA=00 00 000000000001518000000E100000003C00000001
------
OWNER=00
CLASS=0001
RRTTL=00000001
RTYPE=0006
RDATA=00 00 0000000000000000000000000000000000000000
------
OWNER=00
CLASS=0001
RRTTL=00000001
RTYPE=0006
RDATA=00 00 0000000000000000000000000000000000000000
------
OWNER=00
CLASS=0001
RRTTL=00000001
RTYPE=0006
RDATA=026E7303746C6400 0C66697273742E7365636F6E6403746C6400 77A23B46000C08A500001C20000000B400000004
------
OWNER=00
CLASS=0001
RRTTL=00000001
RTYPE=0006
RDATA=00 00 0000000000000000000000000000000000000000
------
ERROR=ZSCANNER_EBAD_RDATA
------
ERROR=ZSCANNER_EBAD_RDATA
------
ERROR=ZSCANNER_EBAD_HEX_CHAR
------
ERROR=ZSCANNER_EBAD_NUMBER
------
ERROR=ZSCANNER_EBAD_NUMBER
------
ERROR=ZSCANNER_ENUMBER32_OVERFLOW
------
ERROR=ZSCANNER_ENUMBER32_OVERFLOW
------
ERROR=ZSCANNER_ENUMBER32_OVERFLOW
------
ERROR=ZSCANNER_ENUMBER32_OVERFLOW
------
ERROR=ZSCANNER_ENUMBER32_OVERFLOW
------
ERROR=ZSCANNER_EBAD_REST
------
ERROR=ZSCANNER_EBAD_HEX_RDATA
------
ERROR=ZSCANNER_EBAD_HEX_RDATA
------
ERROR=ZSCANNER_EBAD_HEX_RDATA
------
ERROR=ZSCANNER_EBAD_RDATA_LENGTH
------

