OWNER=00
CLASS=0001
RRTTL=00000001
RTYPE=0021
RDATA=000000000000 00
------
OWNER=055f6c646170045f746370047465737403746c6400
CLASS=0001
RRTTL=00000001
RTYPE=0021
RDATA=000000000000 00
------
OWNER=00
CLASS=0001
RRTTL=00000001
RTYPE=0021
RDATA=FFFFFFFFFFFF 00
------
OWNER=00
CLASS=0001
RRTTL=00000001
RTYPE=0021
RDATA=000000000000 082030205C222E402A03746C6400
------
OWNER=00
CLASS=0001
RRTTL=00000001
RTYPE=0021
RDATA=000000000000 00
------
OWNER=00
CLASS=0001
RRTTL=00000001
RTYPE=0021
RDATA=000000000000 00
------
OWNER=00
CLASS=0001
RRTTL=00000001
RTYPE=0021
RDATA=000000000000 00
------
WARNG=ZSCANNER_EBAD_NUMBER
------
WARNG=ZSCANNER_EBAD_NUMBER
------
WARNG=ZSCANNER_EBAD_HEX_CHAR
------
WARNG=ZSCANNER_EBAD_NUMBER
------
WARNG=ZSCANNER_EBAD_NUMBER
------
WARNG=ZSCANNER_EBAD_NUMBER
------
WARNG=ZSCANNER_EBAD_NUMBER
------
WARNG=ZSCANNER_EBAD_RDATA
------
WARNG=ZSCANNER_ENUMBER16_OVERFLOW
------
WARNG=ZSCANNER_ENUMBER16_OVERFLOW
------
WARNG=ZSCANNER_ENUMBER16_OVERFLOW
------
WARNG=ZSCANNER_EBAD_REST
------
WARNG=ZSCANNER_EBAD_RDATA
------
WARNG=ZSCANNER_EBAD_RDATA_LENGTH
------
WARNG=ZSCANNER_EBAD_RDATA_LENGTH
------
